🚀 INICIANDO GENERACIÓN COMPLETA DE MAPAS LINEALES
🎯 Objetivo: 10,000 círculos × 1,300 segmentos = 13,000,000 números
⚡ Únicamente mapeo lineal con todas las variables de filtros
======================================================================
📋 Mapas existentes encontrados: 206
📊 Total combinaciones definidas: 506
🆕 Combinaciones nuevas a generar: 337

⚡ [1/337] Generando: 500×1,000
   📊 Total números: 500,000
   🔍 Filtros: 3 tipos activos
   🔍 Generando criba para 500,000 números...
   📊 Encontrados 41,538 primos
   🧮 Analizando patrones...
   ⚡ Procesando elementos en lotes de 50,000...
     📈 Procesados 200,000/500,000 números (40.0%)
     📈 Procesados 400,000/500,000 números (80.0%)
Traceback (most recent call last):
  File "/home/sebastianvernis/Desarrollo/servidor_descarga/pregenerate_complete_linear_maps.py", line 713, in <module>
    indice_mapas = generar_mapas_completos()
                   ^^^^^^^^^^^^^^^^^^^^^^^^^
  File "/home/sebastianvernis/Desarrollo/servidor_descarga/pregenerate_complete_linear_maps.py", line 590, in generar_mapas_completos
    elementos, estadisticas = generar_elementos_mapa_optimizado(
                              ^^^^^^^^^^^^^^^^^^^^^^^^^^^^^^^^^^
  File "/home/sebastianvernis/Desarrollo/servidor_descarga/pregenerate_complete_linear_maps.py", line 130, in generar_elementos_mapa_optimizado
    if not tipos and filtros_tipos.get('regulares', True):
                     ^^^^^^^^^^^^^^^^^^^^^^^^^^^^^^^^^^^^
KeyboardInterrupt
